[2024-07-28T08:59:16.674+0000] {processor.py:157} INFO - Started process (PID=737) to work on /opt/airflow/dags/lightgbm/docker.py
[2024-07-28T08:59:16.674+0000] {processor.py:829} INFO - Processing file /opt/airflow/dags/lightgbm/docker.py for tasks to queue
[2024-07-28T08:59:16.676+0000] {logging_mixin.py:151} INFO - [2024-07-28T08:59:16.676+0000] {dagbag.py:539} INFO - Filling up the DagBag from /opt/airflow/dags/lightgbm/docker.py
[2024-07-28T08:59:16.681+0000] {processor.py:839} INFO - DAG(s) dict_keys(['docker']) retrieved from /opt/airflow/dags/lightgbm/docker.py
[2024-07-28T08:59:16.700+0000] {logging_mixin.py:151} INFO - [2024-07-28T08:59:16.700+0000] {dag.py:2915} INFO - Sync 1 DAGs
[2024-07-28T08:59:16.708+0000] {logging_mixin.py:151} INFO - [2024-07-28T08:59:16.708+0000] {dag.py:3696} INFO - Setting next_dagrun for docker to None, run_after=None
[2024-07-28T08:59:16.717+0000] {processor.py:179} INFO - Processing /opt/airflow/dags/lightgbm/docker.py took 0.045 seconds
[2024-07-28T08:59:47.146+0000] {processor.py:157} INFO - Started process (PID=753) to work on /opt/airflow/dags/lightgbm/docker.py
[2024-07-28T08:59:47.147+0000] {processor.py:829} INFO - Processing file /opt/airflow/dags/lightgbm/docker.py for tasks to queue
[2024-07-28T08:59:47.149+0000] {logging_mixin.py:151} INFO - [2024-07-28T08:59:47.148+0000] {dagbag.py:539} INFO - Filling up the DagBag from /opt/airflow/dags/lightgbm/docker.py
[2024-07-28T08:59:47.153+0000] {processor.py:839} INFO - DAG(s) dict_keys(['docker']) retrieved from /opt/airflow/dags/lightgbm/docker.py
[2024-07-28T08:59:47.175+0000] {logging_mixin.py:151} INFO - [2024-07-28T08:59:47.175+0000] {dag.py:2915} INFO - Sync 1 DAGs
[2024-07-28T08:59:47.186+0000] {logging_mixin.py:151} INFO - [2024-07-28T08:59:47.186+0000] {dag.py:3696} INFO - Setting next_dagrun for docker to None, run_after=None
[2024-07-28T08:59:47.198+0000] {processor.py:179} INFO - Processing /opt/airflow/dags/lightgbm/docker.py took 0.055 seconds
[2024-07-28T09:00:17.671+0000] {processor.py:157} INFO - Started process (PID=767) to work on /opt/airflow/dags/lightgbm/docker.py
[2024-07-28T09:00:17.672+0000] {processor.py:829} INFO - Processing file /opt/airflow/dags/lightgbm/docker.py for tasks to queue
[2024-07-28T09:00:17.673+0000] {logging_mixin.py:151} INFO - [2024-07-28T09:00:17.673+0000] {dagbag.py:539} INFO - Filling up the DagBag from /opt/airflow/dags/lightgbm/docker.py
[2024-07-28T09:00:17.677+0000] {processor.py:839} INFO - DAG(s) dict_keys(['docker']) retrieved from /opt/airflow/dags/lightgbm/docker.py
[2024-07-28T09:00:17.695+0000] {logging_mixin.py:151} INFO - [2024-07-28T09:00:17.694+0000] {dag.py:2915} INFO - Sync 1 DAGs
[2024-07-28T09:00:17.703+0000] {logging_mixin.py:151} INFO - [2024-07-28T09:00:17.703+0000] {dag.py:3696} INFO - Setting next_dagrun for docker to None, run_after=None
[2024-07-28T09:00:17.712+0000] {processor.py:179} INFO - Processing /opt/airflow/dags/lightgbm/docker.py took 0.043 seconds
[2024-07-28T09:00:47.892+0000] {processor.py:157} INFO - Started process (PID=781) to work on /opt/airflow/dags/lightgbm/docker.py
[2024-07-28T09:00:47.892+0000] {processor.py:829} INFO - Processing file /opt/airflow/dags/lightgbm/docker.py for tasks to queue
[2024-07-28T09:00:47.893+0000] {logging_mixin.py:151} INFO - [2024-07-28T09:00:47.893+0000] {dagbag.py:539} INFO - Filling up the DagBag from /opt/airflow/dags/lightgbm/docker.py
[2024-07-28T09:00:47.898+0000] {processor.py:839} INFO - DAG(s) dict_keys(['docker']) retrieved from /opt/airflow/dags/lightgbm/docker.py
[2024-07-28T09:00:47.917+0000] {logging_mixin.py:151} INFO - [2024-07-28T09:00:47.917+0000] {dag.py:2915} INFO - Sync 1 DAGs
[2024-07-28T09:00:47.926+0000] {logging_mixin.py:151} INFO - [2024-07-28T09:00:47.926+0000] {dag.py:3696} INFO - Setting next_dagrun for docker to None, run_after=None
[2024-07-28T09:00:47.935+0000] {processor.py:179} INFO - Processing /opt/airflow/dags/lightgbm/docker.py took 0.045 seconds
[2024-07-28T09:01:18.101+0000] {processor.py:157} INFO - Started process (PID=793) to work on /opt/airflow/dags/lightgbm/docker.py
[2024-07-28T09:01:18.102+0000] {processor.py:829} INFO - Processing file /opt/airflow/dags/lightgbm/docker.py for tasks to queue
[2024-07-28T09:01:18.103+0000] {logging_mixin.py:151} INFO - [2024-07-28T09:01:18.103+0000] {dagbag.py:539} INFO - Filling up the DagBag from /opt/airflow/dags/lightgbm/docker.py
[2024-07-28T09:01:18.107+0000] {processor.py:839} INFO - DAG(s) dict_keys(['docker']) retrieved from /opt/airflow/dags/lightgbm/docker.py
[2024-07-28T09:01:18.123+0000] {logging_mixin.py:151} INFO - [2024-07-28T09:01:18.123+0000] {dag.py:2915} INFO - Sync 1 DAGs
[2024-07-28T09:01:18.130+0000] {logging_mixin.py:151} INFO - [2024-07-28T09:01:18.129+0000] {dag.py:3696} INFO - Setting next_dagrun for docker to None, run_after=None
[2024-07-28T09:01:18.137+0000] {processor.py:179} INFO - Processing /opt/airflow/dags/lightgbm/docker.py took 0.038 seconds
[2024-07-28T09:01:48.283+0000] {processor.py:157} INFO - Started process (PID=804) to work on /opt/airflow/dags/lightgbm/docker.py
[2024-07-28T09:01:48.284+0000] {processor.py:829} INFO - Processing file /opt/airflow/dags/lightgbm/docker.py for tasks to queue
[2024-07-28T09:01:48.285+0000] {logging_mixin.py:151} INFO - [2024-07-28T09:01:48.285+0000] {dagbag.py:539} INFO - Filling up the DagBag from /opt/airflow/dags/lightgbm/docker.py
[2024-07-28T09:01:48.289+0000] {processor.py:839} INFO - DAG(s) dict_keys(['docker']) retrieved from /opt/airflow/dags/lightgbm/docker.py
[2024-07-28T09:01:48.304+0000] {logging_mixin.py:151} INFO - [2024-07-28T09:01:48.304+0000] {dag.py:2915} INFO - Sync 1 DAGs
[2024-07-28T09:01:48.311+0000] {logging_mixin.py:151} INFO - [2024-07-28T09:01:48.311+0000] {dag.py:3696} INFO - Setting next_dagrun for docker to None, run_after=None
[2024-07-28T09:01:48.319+0000] {processor.py:179} INFO - Processing /opt/airflow/dags/lightgbm/docker.py took 0.038 seconds
[2024-07-28T09:02:18.689+0000] {processor.py:157} INFO - Started process (PID=819) to work on /opt/airflow/dags/lightgbm/docker.py
[2024-07-28T09:02:18.689+0000] {processor.py:829} INFO - Processing file /opt/airflow/dags/lightgbm/docker.py for tasks to queue
[2024-07-28T09:02:18.691+0000] {logging_mixin.py:151} INFO - [2024-07-28T09:02:18.690+0000] {dagbag.py:539} INFO - Filling up the DagBag from /opt/airflow/dags/lightgbm/docker.py
[2024-07-28T09:02:18.695+0000] {processor.py:839} INFO - DAG(s) dict_keys(['docker']) retrieved from /opt/airflow/dags/lightgbm/docker.py
[2024-07-28T09:02:18.712+0000] {logging_mixin.py:151} INFO - [2024-07-28T09:02:18.712+0000] {dag.py:2915} INFO - Sync 1 DAGs
[2024-07-28T09:02:18.719+0000] {logging_mixin.py:151} INFO - [2024-07-28T09:02:18.719+0000] {dag.py:3696} INFO - Setting next_dagrun for docker to None, run_after=None
[2024-07-28T09:02:18.728+0000] {processor.py:179} INFO - Processing /opt/airflow/dags/lightgbm/docker.py took 0.041 seconds
