[2024-07-28T08:59:54.547+0000] {taskinstance.py:1157} INFO - Dependencies all met for dep_context=non-requeueable deps ti=<TaskInstance: sklearn.generate_dataframe manual__2024-07-28T08:59:53.156797+00:00 [queued]>
[2024-07-28T08:59:54.551+0000] {taskinstance.py:1157} INFO - Dependencies all met for dep_context=requeueable deps ti=<TaskInstance: sklearn.generate_dataframe manual__2024-07-28T08:59:53.156797+00:00 [queued]>
[2024-07-28T08:59:54.551+0000] {taskinstance.py:1359} INFO - Starting attempt 1 of 1
[2024-07-28T08:59:54.557+0000] {taskinstance.py:1380} INFO - Executing <Task(_PythonDecoratedOperator): generate_dataframe> on 2024-07-28 08:59:53.156797+00:00
[2024-07-28T08:59:54.563+0000] {standard_task_runner.py:57} INFO - Started process 1267 to run task
[2024-07-28T08:59:54.566+0000] {standard_task_runner.py:84} INFO - Running: ['***', 'tasks', 'run', 'sklearn', 'generate_dataframe', 'manual__2024-07-28T08:59:53.156797+00:00', '--job-id', '2509', '--raw', '--subdir', 'DAGS_FOLDER/sklearn.py', '--cfg-path', '/tmp/tmpflgk8ue3']
[2024-07-28T08:59:54.567+0000] {standard_task_runner.py:85} INFO - Job 2509: Subtask generate_dataframe
[2024-07-28T08:59:54.593+0000] {task_command.py:415} INFO - Running <TaskInstance: sklearn.generate_dataframe manual__2024-07-28T08:59:53.156797+00:00 [running]> on host 9142375923a0
[2024-07-28T08:59:54.784+0000] {taskinstance.py:1660} INFO - Exporting env vars: AIRFLOW_CTX_DAG_OWNER='***' AIRFLOW_CTX_DAG_ID='sklearn' AIRFLOW_CTX_TASK_ID='generate_dataframe' AIRFLOW_CTX_EXECUTION_DATE='2024-07-28T08:59:53.156797+00:00' AIRFLOW_CTX_TRY_NUMBER='1' AIRFLOW_CTX_DAG_RUN_ID='manual__2024-07-28T08:59:53.156797+00:00'
[2024-07-28T08:59:54.784+0000] {taskinstance.py:1935} ERROR - Task failed with exception
Traceback (most recent call last):
  File "/home/airflow/.local/lib/python3.8/site-packages/airflow/decorators/base.py", line 221, in execute
    return_value = super().execute(context)
  File "/home/airflow/.local/lib/python3.8/site-packages/airflow/operators/python.py", line 192, in execute
    return_value = self.execute_callable()
  File "/home/airflow/.local/lib/python3.8/site-packages/airflow/operators/python.py", line 209, in execute_callable
    return self.python_callable(*self.op_args, **self.op_kwargs)
  File "/opt/airflow/dags/sklearn.py", line 11, in generate_dataframe
    data = p.DataFrame(np.random.rand(10, 10))
NameError: name 'p' is not defined
[2024-07-28T08:59:54.789+0000] {taskinstance.py:1398} INFO - Marking task as FAILED. dag_id=sklearn, task_id=generate_dataframe, execution_date=20240728T085953, start_date=20240728T085954, end_date=20240728T085954
[2024-07-28T08:59:54.796+0000] {standard_task_runner.py:104} ERROR - Failed to execute job 2509 for task generate_dataframe (name 'p' is not defined; 1267)
[2024-07-28T08:59:54.817+0000] {local_task_job_runner.py:228} INFO - Task exited with return code 1
[2024-07-28T08:59:54.832+0000] {taskinstance.py:2776} INFO - 0 downstream tasks scheduled from follow-on schedule check
