[2024-07-28T08:59:16.666+0000] {processor.py:157} INFO - Started process (PID=736) to work on /opt/airflow/dags/demo.py
[2024-07-28T08:59:16.667+0000] {processor.py:829} INFO - Processing file /opt/airflow/dags/demo.py for tasks to queue
[2024-07-28T08:59:16.668+0000] {logging_mixin.py:151} INFO - [2024-07-28T08:59:16.668+0000] {dagbag.py:539} INFO - Filling up the DagBag from /opt/airflow/dags/demo.py
[2024-07-28T08:59:16.678+0000] {processor.py:839} INFO - DAG(s) dict_keys(['demo']) retrieved from /opt/airflow/dags/demo.py
[2024-07-28T08:59:16.700+0000] {logging_mixin.py:151} INFO - [2024-07-28T08:59:16.700+0000] {dag.py:2915} INFO - Sync 1 DAGs
[2024-07-28T08:59:16.715+0000] {logging_mixin.py:151} INFO - [2024-07-28T08:59:16.715+0000] {dag.py:3696} INFO - Setting next_dagrun for demo to 2024-07-28T00:00:00+00:00, run_after=2024-07-29T00:00:00+00:00
[2024-07-28T08:59:16.723+0000] {processor.py:179} INFO - Processing /opt/airflow/dags/demo.py took 0.060 seconds
[2024-07-28T08:59:47.135+0000] {processor.py:157} INFO - Started process (PID=752) to work on /opt/airflow/dags/demo.py
[2024-07-28T08:59:47.136+0000] {processor.py:829} INFO - Processing file /opt/airflow/dags/demo.py for tasks to queue
[2024-07-28T08:59:47.137+0000] {logging_mixin.py:151} INFO - [2024-07-28T08:59:47.137+0000] {dagbag.py:539} INFO - Filling up the DagBag from /opt/airflow/dags/demo.py
[2024-07-28T08:59:47.147+0000] {processor.py:839} INFO - DAG(s) dict_keys(['demo']) retrieved from /opt/airflow/dags/demo.py
[2024-07-28T08:59:47.170+0000] {logging_mixin.py:151} INFO - [2024-07-28T08:59:47.170+0000] {dag.py:2915} INFO - Sync 1 DAGs
[2024-07-28T08:59:47.188+0000] {logging_mixin.py:151} INFO - [2024-07-28T08:59:47.188+0000] {dag.py:3696} INFO - Setting next_dagrun for demo to 2024-07-28T00:00:00+00:00, run_after=2024-07-29T00:00:00+00:00
[2024-07-28T08:59:47.199+0000] {processor.py:179} INFO - Processing /opt/airflow/dags/demo.py took 0.067 seconds
[2024-07-28T09:00:17.665+0000] {processor.py:157} INFO - Started process (PID=766) to work on /opt/airflow/dags/demo.py
[2024-07-28T09:00:17.666+0000] {processor.py:829} INFO - Processing file /opt/airflow/dags/demo.py for tasks to queue
[2024-07-28T09:00:17.667+0000] {logging_mixin.py:151} INFO - [2024-07-28T09:00:17.667+0000] {dagbag.py:539} INFO - Filling up the DagBag from /opt/airflow/dags/demo.py
[2024-07-28T09:00:17.675+0000] {processor.py:839} INFO - DAG(s) dict_keys(['demo']) retrieved from /opt/airflow/dags/demo.py
[2024-07-28T09:00:17.694+0000] {logging_mixin.py:151} INFO - [2024-07-28T09:00:17.693+0000] {dag.py:2915} INFO - Sync 1 DAGs
[2024-07-28T09:00:17.708+0000] {logging_mixin.py:151} INFO - [2024-07-28T09:00:17.708+0000] {dag.py:3696} INFO - Setting next_dagrun for demo to 2024-07-28T00:00:00+00:00, run_after=2024-07-29T00:00:00+00:00
[2024-07-28T09:00:17.716+0000] {processor.py:179} INFO - Processing /opt/airflow/dags/demo.py took 0.054 seconds
[2024-07-28T09:00:47.885+0000] {processor.py:157} INFO - Started process (PID=780) to work on /opt/airflow/dags/demo.py
[2024-07-28T09:00:47.886+0000] {processor.py:829} INFO - Processing file /opt/airflow/dags/demo.py for tasks to queue
[2024-07-28T09:00:47.887+0000] {logging_mixin.py:151} INFO - [2024-07-28T09:00:47.887+0000] {dagbag.py:539} INFO - Filling up the DagBag from /opt/airflow/dags/demo.py
[2024-07-28T09:00:47.895+0000] {processor.py:839} INFO - DAG(s) dict_keys(['demo']) retrieved from /opt/airflow/dags/demo.py
[2024-07-28T09:00:47.917+0000] {logging_mixin.py:151} INFO - [2024-07-28T09:00:47.917+0000] {dag.py:2915} INFO - Sync 1 DAGs
[2024-07-28T09:00:47.932+0000] {logging_mixin.py:151} INFO - [2024-07-28T09:00:47.932+0000] {dag.py:3696} INFO - Setting next_dagrun for demo to 2024-07-28T00:00:00+00:00, run_after=2024-07-29T00:00:00+00:00
[2024-07-28T09:00:47.941+0000] {processor.py:179} INFO - Processing /opt/airflow/dags/demo.py took 0.057 seconds
[2024-07-28T09:01:18.094+0000] {processor.py:157} INFO - Started process (PID=792) to work on /opt/airflow/dags/demo.py
[2024-07-28T09:01:18.095+0000] {processor.py:829} INFO - Processing file /opt/airflow/dags/demo.py for tasks to queue
[2024-07-28T09:01:18.096+0000] {logging_mixin.py:151} INFO - [2024-07-28T09:01:18.096+0000] {dagbag.py:539} INFO - Filling up the DagBag from /opt/airflow/dags/demo.py
[2024-07-28T09:01:18.104+0000] {processor.py:839} INFO - DAG(s) dict_keys(['demo']) retrieved from /opt/airflow/dags/demo.py
[2024-07-28T09:01:18.121+0000] {logging_mixin.py:151} INFO - [2024-07-28T09:01:18.121+0000] {dag.py:2915} INFO - Sync 1 DAGs
[2024-07-28T09:01:18.134+0000] {logging_mixin.py:151} INFO - [2024-07-28T09:01:18.134+0000] {dag.py:3696} INFO - Setting next_dagrun for demo to 2024-07-28T00:00:00+00:00, run_after=2024-07-29T00:00:00+00:00
[2024-07-28T09:01:18.142+0000] {processor.py:179} INFO - Processing /opt/airflow/dags/demo.py took 0.049 seconds
[2024-07-28T09:01:48.277+0000] {processor.py:157} INFO - Started process (PID=803) to work on /opt/airflow/dags/demo.py
[2024-07-28T09:01:48.278+0000] {processor.py:829} INFO - Processing file /opt/airflow/dags/demo.py for tasks to queue
[2024-07-28T09:01:48.280+0000] {logging_mixin.py:151} INFO - [2024-07-28T09:01:48.279+0000] {dagbag.py:539} INFO - Filling up the DagBag from /opt/airflow/dags/demo.py
[2024-07-28T09:01:48.287+0000] {processor.py:839} INFO - DAG(s) dict_keys(['demo']) retrieved from /opt/airflow/dags/demo.py
[2024-07-28T09:01:48.304+0000] {logging_mixin.py:151} INFO - [2024-07-28T09:01:48.304+0000] {dag.py:2915} INFO - Sync 1 DAGs
[2024-07-28T09:01:48.317+0000] {logging_mixin.py:151} INFO - [2024-07-28T09:01:48.317+0000] {dag.py:3696} INFO - Setting next_dagrun for demo to 2024-07-28T00:00:00+00:00, run_after=2024-07-29T00:00:00+00:00
[2024-07-28T09:01:48.325+0000] {processor.py:179} INFO - Processing /opt/airflow/dags/demo.py took 0.050 seconds
[2024-07-28T09:02:18.682+0000] {processor.py:157} INFO - Started process (PID=818) to work on /opt/airflow/dags/demo.py
[2024-07-28T09:02:18.683+0000] {processor.py:829} INFO - Processing file /opt/airflow/dags/demo.py for tasks to queue
[2024-07-28T09:02:18.684+0000] {logging_mixin.py:151} INFO - [2024-07-28T09:02:18.684+0000] {dagbag.py:539} INFO - Filling up the DagBag from /opt/airflow/dags/demo.py
[2024-07-28T09:02:18.692+0000] {processor.py:839} INFO - DAG(s) dict_keys(['demo']) retrieved from /opt/airflow/dags/demo.py
[2024-07-28T09:02:18.711+0000] {logging_mixin.py:151} INFO - [2024-07-28T09:02:18.711+0000] {dag.py:2915} INFO - Sync 1 DAGs
[2024-07-28T09:02:18.725+0000] {logging_mixin.py:151} INFO - [2024-07-28T09:02:18.725+0000] {dag.py:3696} INFO - Setting next_dagrun for demo to 2024-07-28T00:00:00+00:00, run_after=2024-07-29T00:00:00+00:00
[2024-07-28T09:02:18.733+0000] {processor.py:179} INFO - Processing /opt/airflow/dags/demo.py took 0.053 seconds
