[2024-07-28T08:59:16.733+0000] {processor.py:157} INFO - Started process (PID=738) to work on /opt/airflow/dags/python.py
[2024-07-28T08:59:16.734+0000] {processor.py:829} INFO - Processing file /opt/airflow/dags/python.py for tasks to queue
[2024-07-28T08:59:16.735+0000] {logging_mixin.py:151} INFO - [2024-07-28T08:59:16.735+0000] {dagbag.py:539} INFO - Filling up the DagBag from /opt/airflow/dags/python.py
[2024-07-28T08:59:16.742+0000] {processor.py:839} INFO - DAG(s) dict_keys(['python']) retrieved from /opt/airflow/dags/python.py
[2024-07-28T08:59:16.760+0000] {logging_mixin.py:151} INFO - [2024-07-28T08:59:16.760+0000] {dag.py:2915} INFO - Sync 1 DAGs
[2024-07-28T08:59:16.768+0000] {logging_mixin.py:151} INFO - [2024-07-28T08:59:16.767+0000] {dag.py:3696} INFO - Setting next_dagrun for python to None, run_after=None
[2024-07-28T08:59:16.777+0000] {processor.py:179} INFO - Processing /opt/airflow/dags/python.py took 0.046 seconds
[2024-07-28T08:59:47.221+0000] {processor.py:157} INFO - Started process (PID=754) to work on /opt/airflow/dags/python.py
[2024-07-28T08:59:47.221+0000] {processor.py:829} INFO - Processing file /opt/airflow/dags/python.py for tasks to queue
[2024-07-28T08:59:47.222+0000] {logging_mixin.py:151} INFO - [2024-07-28T08:59:47.222+0000] {dagbag.py:539} INFO - Filling up the DagBag from /opt/airflow/dags/python.py
[2024-07-28T08:59:47.228+0000] {processor.py:839} INFO - DAG(s) dict_keys(['python']) retrieved from /opt/airflow/dags/python.py
[2024-07-28T08:59:47.246+0000] {logging_mixin.py:151} INFO - [2024-07-28T08:59:47.246+0000] {dag.py:2915} INFO - Sync 1 DAGs
[2024-07-28T08:59:47.254+0000] {logging_mixin.py:151} INFO - [2024-07-28T08:59:47.254+0000] {dag.py:3696} INFO - Setting next_dagrun for python to None, run_after=None
[2024-07-28T08:59:47.263+0000] {processor.py:179} INFO - Processing /opt/airflow/dags/python.py took 0.045 seconds
[2024-07-28T09:00:17.729+0000] {processor.py:157} INFO - Started process (PID=768) to work on /opt/airflow/dags/python.py
[2024-07-28T09:00:17.729+0000] {processor.py:829} INFO - Processing file /opt/airflow/dags/python.py for tasks to queue
[2024-07-28T09:00:17.730+0000] {logging_mixin.py:151} INFO - [2024-07-28T09:00:17.730+0000] {dagbag.py:539} INFO - Filling up the DagBag from /opt/airflow/dags/python.py
[2024-07-28T09:00:17.736+0000] {processor.py:839} INFO - DAG(s) dict_keys(['python']) retrieved from /opt/airflow/dags/python.py
[2024-07-28T09:00:17.753+0000] {logging_mixin.py:151} INFO - [2024-07-28T09:00:17.753+0000] {dag.py:2915} INFO - Sync 1 DAGs
[2024-07-28T09:00:17.760+0000] {logging_mixin.py:151} INFO - [2024-07-28T09:00:17.760+0000] {dag.py:3696} INFO - Setting next_dagrun for python to None, run_after=None
[2024-07-28T09:00:17.769+0000] {processor.py:179} INFO - Processing /opt/airflow/dags/python.py took 0.042 seconds
[2024-07-28T09:00:47.952+0000] {processor.py:157} INFO - Started process (PID=782) to work on /opt/airflow/dags/python.py
[2024-07-28T09:00:47.953+0000] {processor.py:829} INFO - Processing file /opt/airflow/dags/python.py for tasks to queue
[2024-07-28T09:00:47.954+0000] {logging_mixin.py:151} INFO - [2024-07-28T09:00:47.954+0000] {dagbag.py:539} INFO - Filling up the DagBag from /opt/airflow/dags/python.py
[2024-07-28T09:00:47.959+0000] {processor.py:839} INFO - DAG(s) dict_keys(['python']) retrieved from /opt/airflow/dags/python.py
[2024-07-28T09:00:47.983+0000] {logging_mixin.py:151} INFO - [2024-07-28T09:00:47.983+0000] {dag.py:2915} INFO - Sync 1 DAGs
[2024-07-28T09:00:47.992+0000] {logging_mixin.py:151} INFO - [2024-07-28T09:00:47.991+0000] {dag.py:3696} INFO - Setting next_dagrun for python to None, run_after=None
[2024-07-28T09:00:48.001+0000] {processor.py:179} INFO - Processing /opt/airflow/dags/python.py took 0.051 seconds
[2024-07-28T09:01:18.154+0000] {processor.py:157} INFO - Started process (PID=794) to work on /opt/airflow/dags/python.py
[2024-07-28T09:01:18.155+0000] {processor.py:829} INFO - Processing file /opt/airflow/dags/python.py for tasks to queue
[2024-07-28T09:01:18.156+0000] {logging_mixin.py:151} INFO - [2024-07-28T09:01:18.156+0000] {dagbag.py:539} INFO - Filling up the DagBag from /opt/airflow/dags/python.py
[2024-07-28T09:01:18.161+0000] {processor.py:839} INFO - DAG(s) dict_keys(['python']) retrieved from /opt/airflow/dags/python.py
[2024-07-28T09:01:18.177+0000] {logging_mixin.py:151} INFO - [2024-07-28T09:01:18.177+0000] {dag.py:2915} INFO - Sync 1 DAGs
[2024-07-28T09:01:18.185+0000] {logging_mixin.py:151} INFO - [2024-07-28T09:01:18.184+0000] {dag.py:3696} INFO - Setting next_dagrun for python to None, run_after=None
[2024-07-28T09:01:18.193+0000] {processor.py:179} INFO - Processing /opt/airflow/dags/python.py took 0.041 seconds
[2024-07-28T09:01:48.335+0000] {processor.py:157} INFO - Started process (PID=805) to work on /opt/airflow/dags/python.py
[2024-07-28T09:01:48.335+0000] {processor.py:829} INFO - Processing file /opt/airflow/dags/python.py for tasks to queue
[2024-07-28T09:01:48.337+0000] {logging_mixin.py:151} INFO - [2024-07-28T09:01:48.336+0000] {dagbag.py:539} INFO - Filling up the DagBag from /opt/airflow/dags/python.py
[2024-07-28T09:01:48.342+0000] {processor.py:839} INFO - DAG(s) dict_keys(['python']) retrieved from /opt/airflow/dags/python.py
[2024-07-28T09:01:48.359+0000] {logging_mixin.py:151} INFO - [2024-07-28T09:01:48.359+0000] {dag.py:2915} INFO - Sync 1 DAGs
[2024-07-28T09:01:48.368+0000] {logging_mixin.py:151} INFO - [2024-07-28T09:01:48.368+0000] {dag.py:3696} INFO - Setting next_dagrun for python to None, run_after=None
[2024-07-28T09:01:48.378+0000] {processor.py:179} INFO - Processing /opt/airflow/dags/python.py took 0.045 seconds
[2024-07-28T09:02:18.745+0000] {processor.py:157} INFO - Started process (PID=820) to work on /opt/airflow/dags/python.py
[2024-07-28T09:02:18.745+0000] {processor.py:829} INFO - Processing file /opt/airflow/dags/python.py for tasks to queue
[2024-07-28T09:02:18.747+0000] {logging_mixin.py:151} INFO - [2024-07-28T09:02:18.746+0000] {dagbag.py:539} INFO - Filling up the DagBag from /opt/airflow/dags/python.py
[2024-07-28T09:02:18.752+0000] {processor.py:839} INFO - DAG(s) dict_keys(['python']) retrieved from /opt/airflow/dags/python.py
[2024-07-28T09:02:18.769+0000] {logging_mixin.py:151} INFO - [2024-07-28T09:02:18.769+0000] {dag.py:2915} INFO - Sync 1 DAGs
[2024-07-28T09:02:18.777+0000] {logging_mixin.py:151} INFO - [2024-07-28T09:02:18.777+0000] {dag.py:3696} INFO - Setting next_dagrun for python to None, run_after=None
[2024-07-28T09:02:18.785+0000] {processor.py:179} INFO - Processing /opt/airflow/dags/python.py took 0.043 seconds
