[2024-07-28T08:59:17.746+0000] {processor.py:157} INFO - Started process (PID=739) to work on /opt/airflow/dags/sklearn.py
[2024-07-28T08:59:17.747+0000] {processor.py:829} INFO - Processing file /opt/airflow/dags/sklearn.py for tasks to queue
[2024-07-28T08:59:17.748+0000] {logging_mixin.py:151} INFO - [2024-07-28T08:59:17.748+0000] {dagbag.py:539} INFO - Filling up the DagBag from /opt/airflow/dags/sklearn.py
[2024-07-28T08:59:17.930+0000] {processor.py:839} INFO - DAG(s) dict_keys(['sklearn']) retrieved from /opt/airflow/dags/sklearn.py
[2024-07-28T08:59:17.946+0000] {logging_mixin.py:151} INFO - [2024-07-28T08:59:17.946+0000] {dag.py:2915} INFO - Sync 1 DAGs
[2024-07-28T08:59:17.953+0000] {logging_mixin.py:151} INFO - [2024-07-28T08:59:17.953+0000] {dag.py:3696} INFO - Setting next_dagrun for sklearn to None, run_after=None
[2024-07-28T08:59:17.962+0000] {processor.py:179} INFO - Processing /opt/airflow/dags/sklearn.py took 0.218 seconds
[2024-07-28T08:59:18.807+0000] {processor.py:157} INFO - Started process (PID=741) to work on /opt/airflow/dags/sklearn.py
[2024-07-28T08:59:18.807+0000] {processor.py:829} INFO - Processing file /opt/airflow/dags/sklearn.py for tasks to queue
[2024-07-28T08:59:18.809+0000] {logging_mixin.py:151} INFO - [2024-07-28T08:59:18.808+0000] {dagbag.py:539} INFO - Filling up the DagBag from /opt/airflow/dags/sklearn.py
[2024-07-28T08:59:18.991+0000] {processor.py:839} INFO - DAG(s) dict_keys(['sklearn']) retrieved from /opt/airflow/dags/sklearn.py
[2024-07-28T08:59:19.008+0000] {logging_mixin.py:151} INFO - [2024-07-28T08:59:19.007+0000] {dag.py:2915} INFO - Sync 1 DAGs
[2024-07-28T08:59:19.015+0000] {logging_mixin.py:151} INFO - [2024-07-28T08:59:19.015+0000] {dag.py:3696} INFO - Setting next_dagrun for sklearn to None, run_after=None
[2024-07-28T08:59:19.024+0000] {processor.py:179} INFO - Processing /opt/airflow/dags/sklearn.py took 0.220 seconds
[2024-07-28T08:59:24.004+0000] {processor.py:157} INFO - Started process (PID=743) to work on /opt/airflow/dags/sklearn.py
[2024-07-28T08:59:24.004+0000] {processor.py:829} INFO - Processing file /opt/airflow/dags/sklearn.py for tasks to queue
[2024-07-28T08:59:24.006+0000] {logging_mixin.py:151} INFO - [2024-07-28T08:59:24.005+0000] {dagbag.py:539} INFO - Filling up the DagBag from /opt/airflow/dags/sklearn.py
[2024-07-28T08:59:24.189+0000] {processor.py:839} INFO - DAG(s) dict_keys(['sklearn']) retrieved from /opt/airflow/dags/sklearn.py
[2024-07-28T08:59:24.206+0000] {logging_mixin.py:151} INFO - [2024-07-28T08:59:24.205+0000] {dag.py:2915} INFO - Sync 1 DAGs
[2024-07-28T08:59:24.212+0000] {logging_mixin.py:151} INFO - [2024-07-28T08:59:24.212+0000] {dag.py:3696} INFO - Setting next_dagrun for sklearn to None, run_after=None
[2024-07-28T08:59:24.221+0000] {processor.py:179} INFO - Processing /opt/airflow/dags/sklearn.py took 0.221 seconds
[2024-07-28T08:59:50.236+0000] {processor.py:157} INFO - Started process (PID=755) to work on /opt/airflow/dags/sklearn.py
[2024-07-28T08:59:50.236+0000] {processor.py:829} INFO - Processing file /opt/airflow/dags/sklearn.py for tasks to queue
[2024-07-28T08:59:50.238+0000] {logging_mixin.py:151} INFO - [2024-07-28T08:59:50.237+0000] {dagbag.py:539} INFO - Filling up the DagBag from /opt/airflow/dags/sklearn.py
[2024-07-28T08:59:50.413+0000] {processor.py:839} INFO - DAG(s) dict_keys(['sklearn']) retrieved from /opt/airflow/dags/sklearn.py
[2024-07-28T08:59:50.428+0000] {logging_mixin.py:151} INFO - [2024-07-28T08:59:50.428+0000] {dag.py:2915} INFO - Sync 1 DAGs
[2024-07-28T08:59:50.435+0000] {logging_mixin.py:151} INFO - [2024-07-28T08:59:50.435+0000] {dag.py:3696} INFO - Setting next_dagrun for sklearn to None, run_after=None
[2024-07-28T08:59:50.556+0000] {processor.py:179} INFO - Processing /opt/airflow/dags/sklearn.py took 0.322 seconds
[2024-07-28T09:00:07.625+0000] {processor.py:157} INFO - Started process (PID=764) to work on /opt/airflow/dags/sklearn.py
[2024-07-28T09:00:07.625+0000] {processor.py:829} INFO - Processing file /opt/airflow/dags/sklearn.py for tasks to queue
[2024-07-28T09:00:07.627+0000] {logging_mixin.py:151} INFO - [2024-07-28T09:00:07.626+0000] {dagbag.py:539} INFO - Filling up the DagBag from /opt/airflow/dags/sklearn.py
[2024-07-28T09:00:07.812+0000] {processor.py:839} INFO - DAG(s) dict_keys(['sklearn']) retrieved from /opt/airflow/dags/sklearn.py
[2024-07-28T09:00:07.828+0000] {logging_mixin.py:151} INFO - [2024-07-28T09:00:07.828+0000] {dag.py:2915} INFO - Sync 1 DAGs
[2024-07-28T09:00:07.836+0000] {logging_mixin.py:151} INFO - [2024-07-28T09:00:07.836+0000] {dag.py:3696} INFO - Setting next_dagrun for sklearn to None, run_after=None
[2024-07-28T09:00:07.848+0000] {processor.py:179} INFO - Processing /opt/airflow/dags/sklearn.py took 0.225 seconds
[2024-07-28T09:00:21.750+0000] {processor.py:157} INFO - Started process (PID=769) to work on /opt/airflow/dags/sklearn.py
[2024-07-28T09:00:21.751+0000] {processor.py:829} INFO - Processing file /opt/airflow/dags/sklearn.py for tasks to queue
[2024-07-28T09:00:21.753+0000] {logging_mixin.py:151} INFO - [2024-07-28T09:00:21.752+0000] {dagbag.py:539} INFO - Filling up the DagBag from /opt/airflow/dags/sklearn.py
[2024-07-28T09:00:21.930+0000] {processor.py:839} INFO - DAG(s) dict_keys(['sklearn']) retrieved from /opt/airflow/dags/sklearn.py
[2024-07-28T09:00:22.001+0000] {logging_mixin.py:151} INFO - [2024-07-28T09:00:22.001+0000] {security.py:708} INFO - Not syncing DAG-level permissions for DAG 'DAG:sklearn' as access control is unset.
[2024-07-28T09:00:22.001+0000] {logging_mixin.py:151} INFO - [2024-07-28T09:00:22.001+0000] {dag.py:2915} INFO - Sync 1 DAGs
[2024-07-28T09:00:22.130+0000] {logging_mixin.py:151} INFO - [2024-07-28T09:00:22.130+0000] {dag.py:3696} INFO - Setting next_dagrun for sklearn to None, run_after=None
[2024-07-28T09:00:22.140+0000] {processor.py:179} INFO - Processing /opt/airflow/dags/sklearn.py took 0.392 seconds
[2024-07-28T09:00:41.858+0000] {processor.py:157} INFO - Started process (PID=778) to work on /opt/airflow/dags/sklearn.py
[2024-07-28T09:00:41.858+0000] {processor.py:829} INFO - Processing file /opt/airflow/dags/sklearn.py for tasks to queue
[2024-07-28T09:00:41.859+0000] {logging_mixin.py:151} INFO - [2024-07-28T09:00:41.859+0000] {dagbag.py:539} INFO - Filling up the DagBag from /opt/airflow/dags/sklearn.py
[2024-07-28T09:00:42.039+0000] {processor.py:839} INFO - DAG(s) dict_keys(['sklearn']) retrieved from /opt/airflow/dags/sklearn.py
[2024-07-28T09:00:42.046+0000] {logging_mixin.py:151} INFO - [2024-07-28T09:00:42.046+0000] {dag.py:2915} INFO - Sync 1 DAGs
[2024-07-28T09:00:42.054+0000] {logging_mixin.py:151} INFO - [2024-07-28T09:00:42.054+0000] {dag.py:3696} INFO - Setting next_dagrun for sklearn to None, run_after=None
[2024-07-28T09:00:42.063+0000] {processor.py:179} INFO - Processing /opt/airflow/dags/sklearn.py took 0.208 seconds
[2024-07-28T09:01:13.043+0000] {processor.py:157} INFO - Started process (PID=790) to work on /opt/airflow/dags/sklearn.py
[2024-07-28T09:01:13.044+0000] {processor.py:829} INFO - Processing file /opt/airflow/dags/sklearn.py for tasks to queue
[2024-07-28T09:01:13.046+0000] {logging_mixin.py:151} INFO - [2024-07-28T09:01:13.046+0000] {dagbag.py:539} INFO - Filling up the DagBag from /opt/airflow/dags/sklearn.py
[2024-07-28T09:01:13.237+0000] {processor.py:839} INFO - DAG(s) dict_keys(['sklearn']) retrieved from /opt/airflow/dags/sklearn.py
[2024-07-28T09:01:13.427+0000] {logging_mixin.py:151} INFO - [2024-07-28T09:01:13.426+0000] {security.py:708} INFO - Not syncing DAG-level permissions for DAG 'DAG:sklearn' as access control is unset.
[2024-07-28T09:01:13.427+0000] {logging_mixin.py:151} INFO - [2024-07-28T09:01:13.427+0000] {dag.py:2915} INFO - Sync 1 DAGs
[2024-07-28T09:01:13.434+0000] {logging_mixin.py:151} INFO - [2024-07-28T09:01:13.433+0000] {dag.py:3696} INFO - Setting next_dagrun for sklearn to None, run_after=None
[2024-07-28T09:01:13.442+0000] {processor.py:179} INFO - Processing /opt/airflow/dags/sklearn.py took 0.401 seconds
[2024-07-28T09:01:31.207+0000] {processor.py:157} INFO - Started process (PID=795) to work on /opt/airflow/dags/sklearn.py
[2024-07-28T09:01:31.208+0000] {processor.py:829} INFO - Processing file /opt/airflow/dags/sklearn.py for tasks to queue
[2024-07-28T09:01:31.209+0000] {logging_mixin.py:151} INFO - [2024-07-28T09:01:31.209+0000] {dagbag.py:539} INFO - Filling up the DagBag from /opt/airflow/dags/sklearn.py
[2024-07-28T09:01:31.212+0000] {logging_mixin.py:151} INFO - [2024-07-28T09:01:31.211+0000] {dagbag.py:347} ERROR - Failed to import: /opt/airflow/dags/sklearn.py
Traceback (most recent call last):
  File "/home/airflow/.local/lib/python3.8/site-packages/airflow/models/dagbag.py", line 343, in parse
    loader.exec_module(new_module)
  File "<frozen importlib._bootstrap_external>", line 839, in exec_module
  File "<frozen importlib._bootstrap_external>", line 976, in get_code
  File "<frozen importlib._bootstrap_external>", line 906, in source_to_code
  File "<frozen importlib._bootstrap>", line 219, in _call_with_frames_removed
  File "/opt/airflow/dags/sklearn.py", line 20
    train_model_dataframe = train_modelmock_dataframe)
                                                     ^
SyntaxError: unmatched ')'
[2024-07-28T09:01:31.212+0000] {processor.py:841} WARNING - No viable dags retrieved from /opt/airflow/dags/sklearn.py
[2024-07-28T09:01:31.224+0000] {processor.py:179} INFO - Processing /opt/airflow/dags/sklearn.py took 0.020 seconds
[2024-07-28T09:02:01.384+0000] {processor.py:157} INFO - Started process (PID=806) to work on /opt/airflow/dags/sklearn.py
[2024-07-28T09:02:01.384+0000] {processor.py:829} INFO - Processing file /opt/airflow/dags/sklearn.py for tasks to queue
[2024-07-28T09:02:01.386+0000] {logging_mixin.py:151} INFO - [2024-07-28T09:02:01.385+0000] {dagbag.py:539} INFO - Filling up the DagBag from /opt/airflow/dags/sklearn.py
[2024-07-28T09:02:01.388+0000] {logging_mixin.py:151} INFO - [2024-07-28T09:02:01.387+0000] {dagbag.py:347} ERROR - Failed to import: /opt/airflow/dags/sklearn.py
Traceback (most recent call last):
  File "/home/airflow/.local/lib/python3.8/site-packages/airflow/models/dagbag.py", line 343, in parse
    loader.exec_module(new_module)
  File "<frozen importlib._bootstrap_external>", line 839, in exec_module
  File "<frozen importlib._bootstrap_external>", line 976, in get_code
  File "<frozen importlib._bootstrap_external>", line 906, in source_to_code
  File "<frozen importlib._bootstrap>", line 219, in _call_with_frames_removed
  File "/opt/airflow/dags/sklearn.py", line 20
    train_model_dataframe = train_modelmock_dataframe)
                                                     ^
SyntaxError: unmatched ')'
[2024-07-28T09:02:01.388+0000] {processor.py:841} WARNING - No viable dags retrieved from /opt/airflow/dags/sklearn.py
[2024-07-28T09:02:01.400+0000] {processor.py:179} INFO - Processing /opt/airflow/dags/sklearn.py took 0.019 seconds
[2024-07-28T09:02:12.425+0000] {processor.py:157} INFO - Started process (PID=814) to work on /opt/airflow/dags/sklearn.py
[2024-07-28T09:02:12.425+0000] {processor.py:829} INFO - Processing file /opt/airflow/dags/sklearn.py for tasks to queue
[2024-07-28T09:02:12.427+0000] {logging_mixin.py:151} INFO - [2024-07-28T09:02:12.427+0000] {dagbag.py:539} INFO - Filling up the DagBag from /opt/airflow/dags/sklearn.py
[2024-07-28T09:02:12.606+0000] {processor.py:839} INFO - DAG(s) dict_keys(['sklearn']) retrieved from /opt/airflow/dags/sklearn.py
[2024-07-28T09:02:12.622+0000] {logging_mixin.py:151} INFO - [2024-07-28T09:02:12.622+0000] {dag.py:2915} INFO - Sync 1 DAGs
[2024-07-28T09:02:12.629+0000] {logging_mixin.py:151} INFO - [2024-07-28T09:02:12.629+0000] {dag.py:3696} INFO - Setting next_dagrun for sklearn to None, run_after=None
[2024-07-28T09:02:12.639+0000] {processor.py:179} INFO - Processing /opt/airflow/dags/sklearn.py took 0.216 seconds
[2024-07-28T09:02:13.446+0000] {processor.py:157} INFO - Started process (PID=816) to work on /opt/airflow/dags/sklearn.py
[2024-07-28T09:02:13.447+0000] {processor.py:829} INFO - Processing file /opt/airflow/dags/sklearn.py for tasks to queue
[2024-07-28T09:02:13.449+0000] {logging_mixin.py:151} INFO - [2024-07-28T09:02:13.449+0000] {dagbag.py:539} INFO - Filling up the DagBag from /opt/airflow/dags/sklearn.py
[2024-07-28T09:02:13.627+0000] {processor.py:839} INFO - DAG(s) dict_keys(['sklearn']) retrieved from /opt/airflow/dags/sklearn.py
[2024-07-28T09:02:13.643+0000] {logging_mixin.py:151} INFO - [2024-07-28T09:02:13.643+0000] {dag.py:2915} INFO - Sync 1 DAGs
[2024-07-28T09:02:13.650+0000] {logging_mixin.py:151} INFO - [2024-07-28T09:02:13.650+0000] {dag.py:3696} INFO - Setting next_dagrun for sklearn to None, run_after=None
[2024-07-28T09:02:13.763+0000] {processor.py:179} INFO - Processing /opt/airflow/dags/sklearn.py took 0.319 seconds
[2024-07-28T09:02:22.766+0000] {processor.py:157} INFO - Started process (PID=821) to work on /opt/airflow/dags/sklearn.py
[2024-07-28T09:02:22.767+0000] {processor.py:829} INFO - Processing file /opt/airflow/dags/sklearn.py for tasks to queue
[2024-07-28T09:02:22.769+0000] {logging_mixin.py:151} INFO - [2024-07-28T09:02:22.768+0000] {dagbag.py:539} INFO - Filling up the DagBag from /opt/airflow/dags/sklearn.py
[2024-07-28T09:02:22.948+0000] {processor.py:839} INFO - DAG(s) dict_keys(['sklearn']) retrieved from /opt/airflow/dags/sklearn.py
[2024-07-28T09:02:22.965+0000] {logging_mixin.py:151} INFO - [2024-07-28T09:02:22.964+0000] {dag.py:2915} INFO - Sync 1 DAGs
[2024-07-28T09:02:22.972+0000] {logging_mixin.py:151} INFO - [2024-07-28T09:02:22.972+0000] {dag.py:3696} INFO - Setting next_dagrun for sklearn to None, run_after=None
[2024-07-28T09:02:23.105+0000] {processor.py:179} INFO - Processing /opt/airflow/dags/sklearn.py took 0.340 seconds
